§KERNEL_OPS_LOADED v6 (W-CHAIN/W-SIGN/G-IDENTITY)
§SIGN_LOADED erp_signer.js (W-SIGN edge keypair, ECDSA P-256)
§SIGN installed alg=ECDSA-P256 pubkey=3059301306072a86… custody=idb-nonextractable
§SEAM-LIVE window.ERP published: dispatch,read,readPostings,verify · ctx.actor=device:d195 pubKey=305930130607… isshowacct=Y allowOrgs=0,11,12,50000,50001,50002,50004,50005,50006,50007
§METER iter=25 dispatch_ms=0.800 refold_ms=0.100 export_ms=0.30 idbPut_ms=5.00
§BLOAT iter=25 opLogRows=50 projBytes=72.0KB idbBytes=72.0KB bytesPerOp=1475B
§METER iter=50 dispatch_ms=0.900 refold_ms=0.000 export_ms=0.20 idbPut_ms=1.20
§BLOAT iter=50 opLogRows=100 projBytes=92.0KB idbBytes=92.0KB bytesPerOp=942B
§METER iter=75 dispatch_ms=0.900 refold_ms=0.100 export_ms=0.10 idbPut_ms=1.30
§BLOAT iter=75 opLogRows=150 projBytes=112.0KB idbBytes=112.0KB bytesPerOp=765B
§METER iter=100 dispatch_ms=1.100 refold_ms=0.000 export_ms=0.10 idbPut_ms=2.80
§BLOAT iter=100 opLogRows=200 projBytes=148.0KB idbBytes=148.0KB bytesPerOp=758B
§METER iter=125 dispatch_ms=1.200 refold_ms=0.000 export_ms=0.20 idbPut_ms=3.40
§BLOAT iter=125 opLogRows=250 projBytes=168.0KB idbBytes=168.0KB bytesPerOp=688B
§METER iter=150 dispatch_ms=1.300 refold_ms=0.100 export_ms=0.20 idbPut_ms=2.00
§BLOAT iter=150 opLogRows=300 projBytes=196.0KB idbBytes=196.0KB bytesPerOp=669B
§METER iter=175 dispatch_ms=1.800 refold_ms=0.000 export_ms=0.20 idbPut_ms=2.10
§BLOAT iter=175 opLogRows=350 projBytes=224.0KB idbBytes=224.0KB bytesPerOp=655B
§METER iter=200 dispatch_ms=1.800 refold_ms=0.000 export_ms=0.20 idbPut_ms=2.10
§BLOAT iter=200 opLogRows=400 projBytes=244.0KB idbBytes=244.0KB bytesPerOp=625B
§METER iter=225 dispatch_ms=1.900 refold_ms=0.000 export_ms=0.20 idbPut_ms=2.70
§BLOAT iter=225 opLogRows=450 projBytes=264.0KB idbBytes=264.0KB bytesPerOp=601B
§METER iter=250 dispatch_ms=2.000 refold_ms=0.100 export_ms=0.20 idbPut_ms=2.70
§BLOAT iter=250 opLogRows=500 projBytes=288.0KB idbBytes=288.0KB bytesPerOp=590B
§METER iter=275 dispatch_ms=2.200 refold_ms=0.100 export_ms=0.20 idbPut_ms=2.30
§BLOAT iter=275 opLogRows=550 projBytes=312.0KB idbBytes=312.0KB bytesPerOp=581B
§METER iter=300 dispatch_ms=2.400 refold_ms=0.000 export_ms=0.30 idbPut_ms=2.90
§BLOAT iter=300 opLogRows=600 projBytes=336.0KB idbBytes=336.0KB bytesPerOp=573B
§METER-SUMMARY n=300 rejected=0 dispatch_ms[p50=1.500 p95=2.400 max=4.100] refold_ms[p50=0.100] wall=593ms throughput=506op/s
§BLOAT-SUMMARY projBytes 52.0KB→336.0KB Δ=284.0KB dispatchDrift(p50→last10)=1.57x
§KERNEL_OP committed id=1 uuid=op-0 type=SET_STATUS params={"id":"SPIKE0"}
§KERNEL_OP committed id=2 uuid=op-1 type=SET_STATUS params={"id":"SPIKE1"}
§KERNEL_OP committed id=3 uuid=op-2 type=SET_STATUS params={"id":"SPIKE2"}
§KERNEL_OP committed id=4 uuid=op-3 type=SET_STATUS params={"id":"SPIKE3"}
§KERNEL_OP committed id=5 uuid=op-4 type=SET_STATUS params={"id":"SPIKE4"}
§KERNEL_OP committed id=6 uuid=op-5 type=SET_STATUS params={"id":"SPIKE5"}
§KERNEL_OP committed id=7 uuid=op-6 type=SET_STATUS params={"id":"SPIKE6"}
§KERNEL_OP committed id=8 uuid=op-7 type=SET_STATUS params={"id":"SPIKE7"}
§KERNEL_OP committed id=9 uuid=op-8 type=SET_STATUS params={"id":"SPIKE8"}
§KERNEL_OP committed id=10 uuid=op-9 type=SET_STATUS params={"id":"SPIKE9"}
§KERNEL_OP committed id=11 uuid=op-10 type=SET_STATUS params={"id":"SPIKE10"}
§KERNEL_OP committed id=12 uuid=op-11 type=SET_STATUS params={"id":"SPIKE11"}
§KERNEL_OP committed id=13 uuid=op-12 type=SET_STATUS params={"id":"SPIKE12"}
§KERNEL_OP committed id=14 uuid=op-13 type=SET_STATUS params={"id":"SPIKE13"}
§KERNEL_OP committed id=15 uuid=op-14 type=SET_STATUS params={"id":"SPIKE14"}
§KERNEL_OP committed id=16 uuid=op-15 type=SET_STATUS params={"id":"SPIKE15"}
§KERNEL_OP committed id=17 uuid=op-16 type=SET_STATUS params={"id":"SPIKE16"}
§KERNEL_OP committed id=18 uuid=op-17 type=SET_STATUS params={"id":"SPIKE17"}
§KERNEL_OP committed id=19 uuid=op-18 type=SET_STATUS params={"id":"SPIKE18"}
§KERNEL_OP committed id=20 uuid=op-19 type=SET_STATUS params={"id":"SPIKE19"}
§KERNEL_OP committed id=21 uuid=op-20 type=SET_STATUS params={"id":"SPIKE20"}
§KERNEL_OP committed id=22 uuid=op-21 type=SET_STATUS params={"id":"SPIKE21"}
§KERNEL_OP committed id=23 uuid=op-22 type=SET_STATUS params={"id":"SPIKE22"}
§KERNEL_OP committed id=24 uuid=op-23 type=SET_STATUS params={"id":"SPIKE23"}
§KERNEL_OP committed id=25 uuid=op-24 type=SET_STATUS params={"id":"SPIKE24"}
§KERNEL_OP committed id=26 uuid=op-25 type=SET_STATUS params={"id":"SPIKE25"}
§KERNEL_OP committed id=27 uuid=op-26 type=SET_STATUS params={"id":"SPIKE26"}
§KERNEL_OP committed id=28 uuid=op-27 type=SET_STATUS params={"id":"SPIKE27"}
§KERNEL_OP committed id=29 uuid=op-28 type=SET_STATUS params={"id":"SPIKE28"}
§KERNEL_OP committed id=30 uuid=op-29 type=SET_STATUS params={"id":"SPIKE29"}
§KERNEL_OP committed id=31 uuid=op-30 type=SET_STATUS params={"id":"SPIKE30"}
§KERNEL_OP committed id=32 uuid=op-31 type=SET_STATUS params={"id":"SPIKE31"}
§KERNEL_OP committed id=33 uuid=op-32 type=SET_STATUS params={"id":"SPIKE32"}
§KERNEL_OP committed id=34 uuid=op-33 type=SET_STATUS params={"id":"SPIKE33"}
§KERNEL_OP committed id=35 uuid=op-34 type=SET_STATUS params={"id":"SPIKE34"}
§KERNEL_OP committed id=36 uuid=op-35 type=SET_STATUS params={"id":"SPIKE35"}
§KERNEL_OP committed id=37 uuid=op-36 type=SET_STATUS params={"id":"SPIKE36"}
§KERNEL_OP committed id=38 uuid=op-37 type=SET_STATUS params={"id":"SPIKE37"}
§KERNEL_OP committed id=39 uuid=op-38 type=SET_STATUS params={"id":"SPIKE38"}
§KERNEL_OP committed id=40 uuid=op-39 type=SET_STATUS params={"id":"SPIKE39"}
§KERNEL_OP committed id=41 uuid=op-40 type=SET_STATUS params={"id":"SPIKE40"}
§KERNEL_OP committed id=42 uuid=op-41 type=SET_STATUS params={"id":"SPIKE41"}
§KERNEL_OP committed id=43 uuid=op-42 type=SET_STATUS params={"id":"SPIKE42"}
§KERNEL_OP committed id=44 uuid=op-43 type=SET_STATUS params={"id":"SPIKE43"}
§KERNEL_OP committed id=45 uuid=op-44 type=SET_STATUS params={"id":"SPIKE44"}
§KERNEL_OP committed id=46 uuid=op-45 type=SET_STATUS params={"id":"SPIKE45"}
§KERNEL_OP committed id=47 uuid=op-46 type=SET_STATUS params={"id":"SPIKE46"}
§KERNEL_OP committed id=48 uuid=op-47 type=SET_STATUS params={"id":"SPIKE47"}
§KERNEL_OP committed id=49 uuid=op-48 type=SET_STATUS params={"id":"SPIKE48"}
§KERNEL_OP committed id=50 uuid=op-49 type=SET_STATUS params={"id":"SPIKE49"}
§KRN_CHAIN sealed=50 tip=3ef5b742da0d… signed
§KRN_CHAIN verify OK len=50 tip=3ef5b742da0d…
§METER-SEAL ops=50 seal_ms=5.90 verify_ms=4.60 chainOk=Y signed=Y
§KERNEL_OP committed id=51 uuid=op-50 type=SET_STATUS params={"id":"SPIKE50"}
§KERNEL_OP committed id=52 uuid=op-51 type=SET_STATUS params={"id":"SPIKE51"}
§KERNEL_OP committed id=53 uuid=op-52 type=SET_STATUS params={"id":"SPIKE52"}
§KERNEL_OP committed id=54 uuid=op-53 type=SET_STATUS params={"id":"SPIKE53"}
§KERNEL_OP committed id=55 uuid=op-54 type=SET_STATUS params={"id":"SPIKE54"}
§KERNEL_OP committed id=56 uuid=op-55 type=SET_STATUS params={"id":"SPIKE55"}
§KERNEL_OP committed id=57 uuid=op-56 type=SET_STATUS params={"id":"SPIKE56"}
§KERNEL_OP committed id=58 uuid=op-57 type=SET_STATUS params={"id":"SPIKE57"}
§KERNEL_OP committed id=59 uuid=op-58 type=SET_STATUS params={"id":"SPIKE58"}
§KERNEL_OP committed id=60 uuid=op-59 type=SET_STATUS params={"id":"SPIKE59"}
§KERNEL_OP committed id=61 uuid=op-60 type=SET_STATUS params={"id":"SPIKE60"}
§KERNEL_OP committed id=62 uuid=op-61 type=SET_STATUS params={"id":"SPIKE61"}
§KERNEL_OP committed id=63 uuid=op-62 type=SET_STATUS params={"id":"SPIKE62"}
§KERNEL_OP committed id=64 uuid=op-63 type=SET_STATUS params={"id":"SPIKE63"}
§KERNEL_OP committed id=65 uuid=op-64 type=SET_STATUS params={"id":"SPIKE64"}
§KERNEL_OP committed id=66 uuid=op-65 type=SET_STATUS params={"id":"SPIKE65"}
§KERNEL_OP committed id=67 uuid=op-66 type=SET_STATUS params={"id":"SPIKE66"}
§KERNEL_OP committed id=68 uuid=op-67 type=SET_STATUS params={"id":"SPIKE67"}
§KERNEL_OP committed id=69 uuid=op-68 type=SET_STATUS params={"id":"SPIKE68"}
§KERNEL_OP committed id=70 uuid=op-69 type=SET_STATUS params={"id":"SPIKE69"}
§KERNEL_OP committed id=71 uuid=op-70 type=SET_STATUS params={"id":"SPIKE70"}
§KERNEL_OP committed id=72 uuid=op-71 type=SET_STATUS params={"id":"SPIKE71"}
§KERNEL_OP committed id=73 uuid=op-72 type=SET_STATUS params={"id":"SPIKE72"}
§KERNEL_OP committed id=74 uuid=op-73 type=SET_STATUS params={"id":"SPIKE73"}
§KERNEL_OP committed id=75 uuid=op-74 type=SET_STATUS params={"id":"SPIKE74"}
§KERNEL_OP committed id=76 uuid=op-75 type=SET_STATUS params={"id":"SPIKE75"}
§KERNEL_OP committed id=77 uuid=op-76 type=SET_STATUS params={"id":"SPIKE76"}
§KERNEL_OP committed id=78 uuid=op-77 type=SET_STATUS params={"id":"SPIKE77"}
§KERNEL_OP committed id=79 uuid=op-78 type=SET_STATUS params={"id":"SPIKE78"}
§KERNEL_OP committed id=80 uuid=op-79 type=SET_STATUS params={"id":"SPIKE79"}
§KERNEL_OP committed id=81 uuid=op-80 type=SET_STATUS params={"id":"SPIKE80"}
§KERNEL_OP committed id=82 uuid=op-81 type=SET_STATUS params={"id":"SPIKE81"}
§KERNEL_OP committed id=83 uuid=op-82 type=SET_STATUS params={"id":"SPIKE82"}
§KERNEL_OP committed id=84 uuid=op-83 type=SET_STATUS params={"id":"SPIKE83"}
§KERNEL_OP committed id=85 uuid=op-84 type=SET_STATUS params={"id":"SPIKE84"}
§KERNEL_OP committed id=86 uuid=op-85 type=SET_STATUS params={"id":"SPIKE85"}
§KERNEL_OP committed id=87 uuid=op-86 type=SET_STATUS params={"id":"SPIKE86"}
§KERNEL_OP committed id=88 uuid=op-87 type=SET_STATUS params={"id":"SPIKE87"}
§KERNEL_OP committed id=89 uuid=op-88 type=SET_STATUS params={"id":"SPIKE88"}
§KERNEL_OP committed id=90 uuid=op-89 type=SET_STATUS params={"id":"SPIKE89"}
§KERNEL_OP committed id=91 uuid=op-90 type=SET_STATUS params={"id":"SPIKE90"}
§KERNEL_OP committed id=92 uuid=op-91 type=SET_STATUS params={"id":"SPIKE91"}
§KERNEL_OP committed id=93 uuid=op-92 type=SET_STATUS params={"id":"SPIKE92"}
§KERNEL_OP committed id=94 uuid=op-93 type=SET_STATUS params={"id":"SPIKE93"}
§KERNEL_OP committed id=95 uuid=op-94 type=SET_STATUS params={"id":"SPIKE94"}
§KERNEL_OP committed id=96 uuid=op-95 type=SET_STATUS params={"id":"SPIKE95"}
§KERNEL_OP committed id=97 uuid=op-96 type=SET_STATUS params={"id":"SPIKE96"}
§KERNEL_OP committed id=98 uuid=op-97 type=SET_STATUS params={"id":"SPIKE97"}
§KERNEL_OP committed id=99 uuid=op-98 type=SET_STATUS params={"id":"SPIKE98"}
§KERNEL_OP committed id=100 uuid=op-99 type=SET_STATUS params={"id":"SPIKE99"}
§KRN_CHAIN sealed=100 tip=d30b04aa9780… signed
§KRN_CHAIN verify OK len=100 tip=d30b04aa9780…
§METER-SEAL ops=100 seal_ms=6.30 verify_ms=8.60 chainOk=Y signed=Y
§KERNEL_OP committed id=101 uuid=op-100 type=SET_STATUS params={"id":"SPIKE100"}
§KERNEL_OP committed id=102 uuid=op-101 type=SET_STATUS params={"id":"SPIKE101"}
§KERNEL_OP committed id=103 uuid=op-102 type=SET_STATUS params={"id":"SPIKE102"}
§KERNEL_OP committed id=104 uuid=op-103 type=SET_STATUS params={"id":"SPIKE103"}
§KERNEL_OP committed id=105 uuid=op-104 type=SET_STATUS params={"id":"SPIKE104"}
§KERNEL_OP committed id=106 uuid=op-105 type=SET_STATUS params={"id":"SPIKE105"}
§KERNEL_OP committed id=107 uuid=op-106 type=SET_STATUS params={"id":"SPIKE106"}
§KERNEL_OP committed id=108 uuid=op-107 type=SET_STATUS params={"id":"SPIKE107"}
§KERNEL_OP committed id=109 uuid=op-108 type=SET_STATUS params={"id":"SPIKE108"}
§KERNEL_OP committed id=110 uuid=op-109 type=SET_STATUS params={"id":"SPIKE109"}
§KERNEL_OP committed id=111 uuid=op-110 type=SET_STATUS params={"id":"SPIKE110"}
§KERNEL_OP committed id=112 uuid=op-111 type=SET_STATUS params={"id":"SPIKE111"}
§KERNEL_OP committed id=113 uuid=op-112 type=SET_STATUS params={"id":"SPIKE112"}
§KERNEL_OP committed id=114 uuid=op-113 type=SET_STATUS params={"id":"SPIKE113"}
§KERNEL_OP committed id=115 uuid=op-114 type=SET_STATUS params={"id":"SPIKE114"}
§KERNEL_OP committed id=116 uuid=op-115 type=SET_STATUS params={"id":"SPIKE115"}
§KERNEL_OP committed id=117 uuid=op-116 type=SET_STATUS params={"id":"SPIKE116"}
§KERNEL_OP committed id=118 uuid=op-117 type=SET_STATUS params={"id":"SPIKE117"}
§KERNEL_OP committed id=119 uuid=op-118 type=SET_STATUS params={"id":"SPIKE118"}
§KERNEL_OP committed id=120 uuid=op-119 type=SET_STATUS params={"id":"SPIKE119"}
§KERNEL_OP committed id=121 uuid=op-120 type=SET_STATUS params={"id":"SPIKE120"}
§KERNEL_OP committed id=122 uuid=op-121 type=SET_STATUS params={"id":"SPIKE121"}
§KERNEL_OP committed id=123 uuid=op-122 type=SET_STATUS params={"id":"SPIKE122"}
§KERNEL_OP committed id=124 uuid=op-123 type=SET_STATUS params={"id":"SPIKE123"}
§KERNEL_OP committed id=125 uuid=op-124 type=SET_STATUS params={"id":"SPIKE124"}
§KERNEL_OP committed id=126 uuid=op-125 type=SET_STATUS params={"id":"SPIKE125"}
§KERNEL_OP committed id=127 uuid=op-126 type=SET_STATUS params={"id":"SPIKE126"}
§KERNEL_OP committed id=128 uuid=op-127 type=SET_STATUS params={"id":"SPIKE127"}
§KERNEL_OP committed id=129 uuid=op-128 type=SET_STATUS params={"id":"SPIKE128"}
§KERNEL_OP committed id=130 uuid=op-129 type=SET_STATUS params={"id":"SPIKE129"}
§KERNEL_OP committed id=131 uuid=op-130 type=SET_STATUS params={"id":"SPIKE130"}
§KERNEL_OP committed id=132 uuid=op-131 type=SET_STATUS params={"id":"SPIKE131"}
§KERNEL_OP committed id=133 uuid=op-132 type=SET_STATUS params={"id":"SPIKE132"}
§KERNEL_OP committed id=134 uuid=op-133 type=SET_STATUS params={"id":"SPIKE133"}
§KERNEL_OP committed id=135 uuid=op-134 type=SET_STATUS params={"id":"SPIKE134"}
§KERNEL_OP committed id=136 uuid=op-135 type=SET_STATUS params={"id":"SPIKE135"}
§KERNEL_OP committed id=137 uuid=op-136 type=SET_STATUS params={"id":"SPIKE136"}
§KERNEL_OP committed id=138 uuid=op-137 type=SET_STATUS params={"id":"SPIKE137"}
§KERNEL_OP committed id=139 uuid=op-138 type=SET_STATUS params={"id":"SPIKE138"}
§KERNEL_OP committed id=140 uuid=op-139 type=SET_STATUS params={"id":"SPIKE139"}
§KERNEL_OP committed id=141 uuid=op-140 type=SET_STATUS params={"id":"SPIKE140"}
§KERNEL_OP committed id=142 uuid=op-141 type=SET_STATUS params={"id":"SPIKE141"}
§KERNEL_OP committed id=143 uuid=op-142 type=SET_STATUS params={"id":"SPIKE142"}
§KERNEL_OP committed id=144 uuid=op-143 type=SET_STATUS params={"id":"SPIKE143"}
§KERNEL_OP committed id=145 uuid=op-144 type=SET_STATUS params={"id":"SPIKE144"}
§KERNEL_OP committed id=146 uuid=op-145 type=SET_STATUS params={"id":"SPIKE145"}
§KERNEL_OP committed id=147 uuid=op-146 type=SET_STATUS params={"id":"SPIKE146"}
§KERNEL_OP committed id=148 uuid=op-147 type=SET_STATUS params={"id":"SPIKE147"}
§KERNEL_OP committed id=149 uuid=op-148 type=SET_STATUS params={"id":"SPIKE148"}
§KERNEL_OP committed id=150 uuid=op-149 type=SET_STATUS params={"id":"SPIKE149"}
§KRN_CHAIN sealed=150 tip=89d772ad9d17… signed
§KRN_CHAIN verify OK len=150 tip=89d772ad9d17…
§METER-SEAL ops=150 seal_ms=7.10 verify_ms=13.20 chainOk=Y signed=Y
§KERNEL_OP committed id=151 uuid=op-150 type=SET_STATUS params={"id":"SPIKE150"}
§KERNEL_OP committed id=152 uuid=op-151 type=SET_STATUS params={"id":"SPIKE151"}
§KERNEL_OP committed id=153 uuid=op-152 type=SET_STATUS params={"id":"SPIKE152"}
§KERNEL_OP committed id=154 uuid=op-153 type=SET_STATUS params={"id":"SPIKE153"}
§KERNEL_OP committed id=155 uuid=op-154 type=SET_STATUS params={"id":"SPIKE154"}
§KERNEL_OP committed id=156 uuid=op-155 type=SET_STATUS params={"id":"SPIKE155"}
§KERNEL_OP committed id=157 uuid=op-156 type=SET_STATUS params={"id":"SPIKE156"}
§KERNEL_OP committed id=158 uuid=op-157 type=SET_STATUS params={"id":"SPIKE157"}
§KERNEL_OP committed id=159 uuid=op-158 type=SET_STATUS params={"id":"SPIKE158"}
§KERNEL_OP committed id=160 uuid=op-159 type=SET_STATUS params={"id":"SPIKE159"}
§KERNEL_OP committed id=161 uuid=op-160 type=SET_STATUS params={"id":"SPIKE160"}
§KERNEL_OP committed id=162 uuid=op-161 type=SET_STATUS params={"id":"SPIKE161"}
§KERNEL_OP committed id=163 uuid=op-162 type=SET_STATUS params={"id":"SPIKE162"}
§KERNEL_OP committed id=164 uuid=op-163 type=SET_STATUS params={"id":"SPIKE163"}
§KERNEL_OP committed id=165 uuid=op-164 type=SET_STATUS params={"id":"SPIKE164"}
§KERNEL_OP committed id=166 uuid=op-165 type=SET_STATUS params={"id":"SPIKE165"}
§KERNEL_OP committed id=167 uuid=op-166 type=SET_STATUS params={"id":"SPIKE166"}
§KERNEL_OP committed id=168 uuid=op-167 type=SET_STATUS params={"id":"SPIKE167"}
§KERNEL_OP committed id=169 uuid=op-168 type=SET_STATUS params={"id":"SPIKE168"}
§KERNEL_OP committed id=170 uuid=op-169 type=SET_STATUS params={"id":"SPIKE169"}
§KERNEL_OP committed id=171 uuid=op-170 type=SET_STATUS params={"id":"SPIKE170"}
§KERNEL_OP committed id=172 uuid=op-171 type=SET_STATUS params={"id":"SPIKE171"}
§KERNEL_OP committed id=173 uuid=op-172 type=SET_STATUS params={"id":"SPIKE172"}
§KERNEL_OP committed id=174 uuid=op-173 type=SET_STATUS params={"id":"SPIKE173"}
§KERNEL_OP committed id=175 uuid=op-174 type=SET_STATUS params={"id":"SPIKE174"}
§KERNEL_OP committed id=176 uuid=op-175 type=SET_STATUS params={"id":"SPIKE175"}
§KERNEL_OP committed id=177 uuid=op-176 type=SET_STATUS params={"id":"SPIKE176"}
§KERNEL_OP committed id=178 uuid=op-177 type=SET_STATUS params={"id":"SPIKE177"}
§KERNEL_OP committed id=179 uuid=op-178 type=SET_STATUS params={"id":"SPIKE178"}
§KERNEL_OP committed id=180 uuid=op-179 type=SET_STATUS params={"id":"SPIKE179"}
§KERNEL_OP committed id=181 uuid=op-180 type=SET_STATUS params={"id":"SPIKE180"}
§KERNEL_OP committed id=182 uuid=op-181 type=SET_STATUS params={"id":"SPIKE181"}
§KERNEL_OP committed id=183 uuid=op-182 type=SET_STATUS params={"id":"SPIKE182"}
§KERNEL_OP committed id=184 uuid=op-183 type=SET_STATUS params={"id":"SPIKE183"}
§KERNEL_OP committed id=185 uuid=op-184 type=SET_STATUS params={"id":"SPIKE184"}
§KERNEL_OP committed id=186 uuid=op-185 type=SET_STATUS params={"id":"SPIKE185"}
§KERNEL_OP committed id=187 uuid=op-186 type=SET_STATUS params={"id":"SPIKE186"}
§KERNEL_OP committed id=188 uuid=op-187 type=SET_STATUS params={"id":"SPIKE187"}
§KERNEL_OP committed id=189 uuid=op-188 type=SET_STATUS params={"id":"SPIKE188"}
§KERNEL_OP committed id=190 uuid=op-189 type=SET_STATUS params={"id":"SPIKE189"}
§KERNEL_OP committed id=191 uuid=op-190 type=SET_STATUS params={"id":"SPIKE190"}
§KERNEL_OP committed id=192 uuid=op-191 type=SET_STATUS params={"id":"SPIKE191"}
§KERNEL_OP committed id=193 uuid=op-192 type=SET_STATUS params={"id":"SPIKE192"}
§KERNEL_OP committed id=194 uuid=op-193 type=SET_STATUS params={"id":"SPIKE193"}
§KERNEL_OP committed id=195 uuid=op-194 type=SET_STATUS params={"id":"SPIKE194"}
§KERNEL_OP committed id=196 uuid=op-195 type=SET_STATUS params={"id":"SPIKE195"}
§KERNEL_OP committed id=197 uuid=op-196 type=SET_STATUS params={"id":"SPIKE196"}
§KERNEL_OP committed id=198 uuid=op-197 type=SET_STATUS params={"id":"SPIKE197"}
§KERNEL_OP committed id=199 uuid=op-198 type=SET_STATUS params={"id":"SPIKE198"}
§KERNEL_OP committed id=200 uuid=op-199 type=SET_STATUS params={"id":"SPIKE199"}
§KRN_CHAIN sealed=200 tip=8a91f12e65ef… signed
§KRN_CHAIN verify OK len=200 tip=8a91f12e65ef…
§METER-SEAL ops=200 seal_ms=8.10 verify_ms=17.40 chainOk=Y signed=Y
§KERNEL_OP committed id=201 uuid=op-200 type=SET_STATUS params={"id":"SPIKE200"}
§KERNEL_OP committed id=202 uuid=op-201 type=SET_STATUS params={"id":"SPIKE201"}
§KERNEL_OP committed id=203 uuid=op-202 type=SET_STATUS params={"id":"SPIKE202"}
§KERNEL_OP committed id=204 uuid=op-203 type=SET_STATUS params={"id":"SPIKE203"}
§KERNEL_OP committed id=205 uuid=op-204 type=SET_STATUS params={"id":"SPIKE204"}
§KERNEL_OP committed id=206 uuid=op-205 type=SET_STATUS params={"id":"SPIKE205"}
§KERNEL_OP committed id=207 uuid=op-206 type=SET_STATUS params={"id":"SPIKE206"}
§KERNEL_OP committed id=208 uuid=op-207 type=SET_STATUS params={"id":"SPIKE207"}
§KERNEL_OP committed id=209 uuid=op-208 type=SET_STATUS params={"id":"SPIKE208"}
§KERNEL_OP committed id=210 uuid=op-209 type=SET_STATUS params={"id":"SPIKE209"}
§KERNEL_OP committed id=211 uuid=op-210 type=SET_STATUS params={"id":"SPIKE210"}
§KERNEL_OP committed id=212 uuid=op-211 type=SET_STATUS params={"id":"SPIKE211"}
§KERNEL_OP committed id=213 uuid=op-212 type=SET_STATUS params={"id":"SPIKE212"}
§KERNEL_OP committed id=214 uuid=op-213 type=SET_STATUS params={"id":"SPIKE213"}
§KERNEL_OP committed id=215 uuid=op-214 type=SET_STATUS params={"id":"SPIKE214"}
§KERNEL_OP committed id=216 uuid=op-215 type=SET_STATUS params={"id":"SPIKE215"}
§KERNEL_OP committed id=217 uuid=op-216 type=SET_STATUS params={"id":"SPIKE216"}
§KERNEL_OP committed id=218 uuid=op-217 type=SET_STATUS params={"id":"SPIKE217"}
§KERNEL_OP committed id=219 uuid=op-218 type=SET_STATUS params={"id":"SPIKE218"}
§KERNEL_OP committed id=220 uuid=op-219 type=SET_STATUS params={"id":"SPIKE219"}
§KERNEL_OP committed id=221 uuid=op-220 type=SET_STATUS params={"id":"SPIKE220"}
§KERNEL_OP committed id=222 uuid=op-221 type=SET_STATUS params={"id":"SPIKE221"}
§KERNEL_OP committed id=223 uuid=op-222 type=SET_STATUS params={"id":"SPIKE222"}
§KERNEL_OP committed id=224 uuid=op-223 type=SET_STATUS params={"id":"SPIKE223"}
§KERNEL_OP committed id=225 uuid=op-224 type=SET_STATUS params={"id":"SPIKE224"}
§KERNEL_OP committed id=226 uuid=op-225 type=SET_STATUS params={"id":"SPIKE225"}
§KERNEL_OP committed id=227 uuid=op-226 type=SET_STATUS params={"id":"SPIKE226"}
§KERNEL_OP committed id=228 uuid=op-227 type=SET_STATUS params={"id":"SPIKE227"}
§KERNEL_OP committed id=229 uuid=op-228 type=SET_STATUS params={"id":"SPIKE228"}
§KERNEL_OP committed id=230 uuid=op-229 type=SET_STATUS params={"id":"SPIKE229"}
§KERNEL_OP committed id=231 uuid=op-230 type=SET_STATUS params={"id":"SPIKE230"}
§KERNEL_OP committed id=232 uuid=op-231 type=SET_STATUS params={"id":"SPIKE231"}
§KERNEL_OP committed id=233 uuid=op-232 type=SET_STATUS params={"id":"SPIKE232"}
§KERNEL_OP committed id=234 uuid=op-233 type=SET_STATUS params={"id":"SPIKE233"}
§KERNEL_OP committed id=235 uuid=op-234 type=SET_STATUS params={"id":"SPIKE234"}
§KERNEL_OP committed id=236 uuid=op-235 type=SET_STATUS params={"id":"SPIKE235"}
§KERNEL_OP committed id=237 uuid=op-236 type=SET_STATUS params={"id":"SPIKE236"}
§KERNEL_OP committed id=238 uuid=op-237 type=SET_STATUS params={"id":"SPIKE237"}
§KERNEL_OP committed id=239 uuid=op-238 type=SET_STATUS params={"id":"SPIKE238"}
§KERNEL_OP committed id=240 uuid=op-239 type=SET_STATUS params={"id":"SPIKE239"}
§KERNEL_OP committed id=241 uuid=op-240 type=SET_STATUS params={"id":"SPIKE240"}
§KERNEL_OP committed id=242 uuid=op-241 type=SET_STATUS params={"id":"SPIKE241"}
§KERNEL_OP committed id=243 uuid=op-242 type=SET_STATUS params={"id":"SPIKE242"}
§KERNEL_OP committed id=244 uuid=op-243 type=SET_STATUS params={"id":"SPIKE243"}
§KERNEL_OP committed id=245 uuid=op-244 type=SET_STATUS params={"id":"SPIKE244"}
§KERNEL_OP committed id=246 uuid=op-245 type=SET_STATUS params={"id":"SPIKE245"}
§KERNEL_OP committed id=247 uuid=op-246 type=SET_STATUS params={"id":"SPIKE246"}
§KERNEL_OP committed id=248 uuid=op-247 type=SET_STATUS params={"id":"SPIKE247"}
§KERNEL_OP committed id=249 uuid=op-248 type=SET_STATUS params={"id":"SPIKE248"}
§KERNEL_OP committed id=250 uuid=op-249 type=SET_STATUS params={"id":"SPIKE249"}
§KRN_CHAIN sealed=250 tip=8b7659691867… signed
§KRN_CHAIN verify OK len=250 tip=8b7659691867…
§METER-SEAL ops=250 seal_ms=10.40 verify_ms=21.90 chainOk=Y signed=Y
§KERNEL_OP committed id=251 uuid=op-250 type=SET_STATUS params={"id":"SPIKE250"}
§KERNEL_OP committed id=252 uuid=op-251 type=SET_STATUS params={"id":"SPIKE251"}
§KERNEL_OP committed id=253 uuid=op-252 type=SET_STATUS params={"id":"SPIKE252"}
§KERNEL_OP committed id=254 uuid=op-253 type=SET_STATUS params={"id":"SPIKE253"}
§KERNEL_OP committed id=255 uuid=op-254 type=SET_STATUS params={"id":"SPIKE254"}
§KERNEL_OP committed id=256 uuid=op-255 type=SET_STATUS params={"id":"SPIKE255"}
§KERNEL_OP committed id=257 uuid=op-256 type=SET_STATUS params={"id":"SPIKE256"}
§KERNEL_OP committed id=258 uuid=op-257 type=SET_STATUS params={"id":"SPIKE257"}
§KERNEL_OP committed id=259 uuid=op-258 type=SET_STATUS params={"id":"SPIKE258"}
§KERNEL_OP committed id=260 uuid=op-259 type=SET_STATUS params={"id":"SPIKE259"}
§KERNEL_OP committed id=261 uuid=op-260 type=SET_STATUS params={"id":"SPIKE260"}
§KERNEL_OP committed id=262 uuid=op-261 type=SET_STATUS params={"id":"SPIKE261"}
§KERNEL_OP committed id=263 uuid=op-262 type=SET_STATUS params={"id":"SPIKE262"}
§KERNEL_OP committed id=264 uuid=op-263 type=SET_STATUS params={"id":"SPIKE263"}
§KERNEL_OP committed id=265 uuid=op-264 type=SET_STATUS params={"id":"SPIKE264"}
§KERNEL_OP committed id=266 uuid=op-265 type=SET_STATUS params={"id":"SPIKE265"}
§KERNEL_OP committed id=267 uuid=op-266 type=SET_STATUS params={"id":"SPIKE266"}
§KERNEL_OP committed id=268 uuid=op-267 type=SET_STATUS params={"id":"SPIKE267"}
§KERNEL_OP committed id=269 uuid=op-268 type=SET_STATUS params={"id":"SPIKE268"}
§KERNEL_OP committed id=270 uuid=op-269 type=SET_STATUS params={"id":"SPIKE269"}
§KERNEL_OP committed id=271 uuid=op-270 type=SET_STATUS params={"id":"SPIKE270"}
§KERNEL_OP committed id=272 uuid=op-271 type=SET_STATUS params={"id":"SPIKE271"}
§KERNEL_OP committed id=273 uuid=op-272 type=SET_STATUS params={"id":"SPIKE272"}
§KERNEL_OP committed id=274 uuid=op-273 type=SET_STATUS params={"id":"SPIKE273"}
§KERNEL_OP committed id=275 uuid=op-274 type=SET_STATUS params={"id":"SPIKE274"}
§KERNEL_OP committed id=276 uuid=op-275 type=SET_STATUS params={"id":"SPIKE275"}
§KERNEL_OP committed id=277 uuid=op-276 type=SET_STATUS params={"id":"SPIKE276"}
§KERNEL_OP committed id=278 uuid=op-277 type=SET_STATUS params={"id":"SPIKE277"}
§KERNEL_OP committed id=279 uuid=op-278 type=SET_STATUS params={"id":"SPIKE278"}
§KERNEL_OP committed id=280 uuid=op-279 type=SET_STATUS params={"id":"SPIKE279"}
§KERNEL_OP committed id=281 uuid=op-280 type=SET_STATUS params={"id":"SPIKE280"}
§KERNEL_OP committed id=282 uuid=op-281 type=SET_STATUS params={"id":"SPIKE281"}
§KERNEL_OP committed id=283 uuid=op-282 type=SET_STATUS params={"id":"SPIKE282"}
§KERNEL_OP committed id=284 uuid=op-283 type=SET_STATUS params={"id":"SPIKE283"}
§KERNEL_OP committed id=285 uuid=op-284 type=SET_STATUS params={"id":"SPIKE284"}
§KERNEL_OP committed id=286 uuid=op-285 type=SET_STATUS params={"id":"SPIKE285"}
§KERNEL_OP committed id=287 uuid=op-286 type=SET_STATUS params={"id":"SPIKE286"}
§KERNEL_OP committed id=288 uuid=op-287 type=SET_STATUS params={"id":"SPIKE287"}
§KERNEL_OP committed id=289 uuid=op-288 type=SET_STATUS params={"id":"SPIKE288"}
§KERNEL_OP committed id=290 uuid=op-289 type=SET_STATUS params={"id":"SPIKE289"}
§KERNEL_OP committed id=291 uuid=op-290 type=SET_STATUS params={"id":"SPIKE290"}
§KERNEL_OP committed id=292 uuid=op-291 type=SET_STATUS params={"id":"SPIKE291"}
§KERNEL_OP committed id=293 uuid=op-292 type=SET_STATUS params={"id":"SPIKE292"}
§KERNEL_OP committed id=294 uuid=op-293 type=SET_STATUS params={"id":"SPIKE293"}
§KERNEL_OP committed id=295 uuid=op-294 type=SET_STATUS params={"id":"SPIKE294"}
§KERNEL_OP committed id=296 uuid=op-295 type=SET_STATUS params={"id":"SPIKE295"}
§KERNEL_OP committed id=297 uuid=op-296 type=SET_STATUS params={"id":"SPIKE296"}
§KERNEL_OP committed id=298 uuid=op-297 type=SET_STATUS params={"id":"SPIKE297"}
§KERNEL_OP committed id=299 uuid=op-298 type=SET_STATUS params={"id":"SPIKE298"}
§KERNEL_OP committed id=300 uuid=op-299 type=SET_STATUS params={"id":"SPIKE299"}
§KRN_CHAIN sealed=300 tip=080ed35e86c3… signed
§KRN_CHAIN verify OK len=300 tip=080ed35e86c3…
§METER-SEAL ops=300 seal_ms=10.90 verify_ms=26.60 chainOk=Y signed=Y
§POSTED-READ(live) role=102 visible=Y posted=N source=none coverage=absent
§POSTED-GATE(live) role=103 visible=N reason=role-not-accounting rows=0
═══ SPIKE DONE — read §METER-SUMMARY / §BLOAT-SUMMARY / §METER-SEAL above ═══
