06:49:41.588 +    0.0s §CLI_BAKE_ENV root=/tmp/wt-bake-schedguard commit=78ec1dfa sw=v1170 db=Hospital_silent gpu=real out=/tmp/wt-bake-schedguard/out/sg.mp4
06:49:41.789 +    0.2s §CLI_BAKE_NAV http://127.0.0.1:8571/viewer/viewer.html?db=/buildings/Hospital_silent.db
06:50:04.460 +   22.9s §CLI_BAKE_LOADED building=Hospital meshes=4499
06:50:05.769 +   24.2s §CLI_BAKE_OPENING kept=load-camera (Measure off — the datum gate does not apply; the film opens from the saved view)
06:50:05.769 +   24.2s §CLI_BAKE_PREWARM_SEEN §PHOTO_PREWARM ms=4146 did=[mepSmooth,hdri,groundTex] — this work is now OFF the first Alt+S press (measured 8,923.6 ms of it on Hospital)
06:50:05.815 +   24.2s §CLI_BAKE_GL vendor="Google Inc. (NVIDIA Corporation)" renderer="ANGLE (NVIDIA Corporation, NVIDIA GeForce RTX 4060 Laptop GPU/PCIe/SSE2, OpenGL ES 3.2)"
06:50:06.300 +   24.7s §CLI_BAKE_BUILDUP_RESOLVED on=1 source=stored-path — decides whether the Time Machine is primed before the bake asks for a timeline
06:50:07.620 +   26.0s §CLI_BAKE_TM_PRIME ok ms=1284
06:50:08.388 +   26.8s §CLI_BAKE_SCHED_COHERENCE ops=63415 selfContradictory=39 taskElementsMismatch=13574 first=[0nLMa_hqjDM9PNHQIvZ_UW phase=Substructure _task=TASK_Architecture_Envelope_Level_1] — persisted kernel_ops replayed as-is (injectGantt does not re-derive, §88.10b); selfContradictory = the op's own phase disagrees with its own _task bucket, which is what mis-orders an element against the things that carry it. Reported, never repaired.
06:50:08.389 +   26.8s §CLI_BAKE_CLIP in=0 out=0.01 (§SDC — a window of the same film)
06:50:29.416 +   47.8s §CLI_BAKE_PROGRESS frame=13/29 44.8% rate=0.402s/frame (trailing 2) elapsed=7s eta=6s (16 frames left)
06:50:33.220 +   51.6s §CLI_BAKE_SINK begin name=BIM_MaxQ_Hospital_1789195833218.mp4 type=video/mp4 totalBytes=462902 → /tmp/wt-bake-schedguard/out/sg.mp4
06:50:33.245 +   51.7s §CLI_BAKE_SINK end bytes=462902
06:50:34.420 +   52.8s §CLI_BAKE_RESULT {"ok":true,"r":{"source":"db:cinema_path","deliveredBytes":462902}}
06:50:34.424 +   52.8s §CLI_BAKE_FRAMES poses=29 meanMs=432.1 p50Ms=400 worstMs=1280.8
06:50:34.428 +   52.8s §CLI_BAKE_POSECHECK INCONCLUSIVE clip window set — t-mapping not identity, check by hand
06:50:34.429 +   52.9s §CLI_BAKE_HEAP samples=1 minMB=2531 maxMB=2531 lastMB=2531
06:50:34.429 +   52.9s §CLI_BAKE_FILE path=/tmp/wt-bake-schedguard/out/sg.mp4 bytes=462902
06:50:34.493 +   52.9s §CLI_BAKE_FFPROBE codec=h264 640x360 frames=29 fps=15/1 durationSec=1.933333 bitrate=1915456
06:50:34.493 +   52.9s §CLAIM §PHOTO_PREWARM ms=4146 did=[mepSmooth,hdri,groundTex] — this work is now OFF the first Alt+S press (measured 8,923.6 ms of it on Hospital)
06:50:34.493 +   52.9s §CLAIM §CINEMA_PATH_RESTORE bands=4 total=278.8s holdCol=true holds=0 flagCol=true buildup=1 roomTitle=1 reveal=1 dayCounter=tl — authored path in force
06:50:34.493 +   52.9s §CLAIM §CLI_BAKE_RESOLVED source=db:cinema_path bands=4 clip=0→0.01 total=278.8s buildup=1 roomTitle=1 reveal=1 dayCounter=tl storeyReveal=0
06:50:34.493 +   52.9s §CLAIM §MAXQ_FRAME_BUDGET taa=8 ao=12 renders/frame=20 (was 16+24=40) — bake only, Alt+S stills keep the full fold
06:50:34.493 +   52.9s §CLAIM §STILL_REFINE start samples=8 triplanarMaterials=52 §MAXQ_FRAME_BUDGET taa=8 ao=12 (bake budget — Alt+S stills are unaffected)
06:50:34.493 +   52.9s §CLAIM §STILL_REFINE start samples=8 triplanarMaterials=52 §MAXQ_FRAME_BUDGET taa=8 ao=12 (bake budget — Alt+S stills are unaffected)
06:50:34.493 +   52.9s §CLAIM §STILL_REFINE start samples=8 triplanarMaterials=52 §MAXQ_FRAME_BUDGET taa=8 ao=12 (bake budget — Alt+S stills are unaffected)
06:50:34.493 +   52.9s §CLAIM §STILL_REFINE start samples=8 triplanarMaterials=52 §MAXQ_FRAME_BUDGET taa=8 ao=12 (bake budget — Alt+S stills are unaffected)
06:50:34.493 +   52.9s §CLAIM §STILL_REFINE start samples=8 triplanarMaterials=52 §MAXQ_FRAME_BUDGET taa=8 ao=12 (bake budget — Alt+S stills are unaffected)
06:50:34.493 +   52.9s §CLAIM §STILL_REFINE start samples=8 triplanarMaterials=52 §MAXQ_FRAME_BUDGET taa=8 ao=12 (bake budget — Alt+S stills are unaffected)
06:50:34.493 +   52.9s §CLAIM §STILL_REFINE start samples=8 triplanarMaterials=52 §MAXQ_FRAME_BUDGET taa=8 ao=12 (bake budget — Alt+S stills are unaffected)
06:50:34.493 +   52.9s §CLAIM §STILL_REFINE start samples=8 triplanarMaterials=52 §MAXQ_FRAME_BUDGET taa=8 ao=12 (bake budget — Alt+S stills are unaffected)
06:50:34.493 +   52.9s §CLAIM §STILL_REFINE start samples=8 triplanarMaterials=52 §MAXQ_FRAME_BUDGET taa=8 ao=12 (bake budget — Alt+S stills are unaffected)
06:50:34.493 +   52.9s §CLAIM §STILL_REFINE start samples=8 triplanarMaterials=52 §MAXQ_FRAME_BUDGET taa=8 ao=12 (bake budget — Alt+S stills are unaffected)
06:50:34.493 +   52.9s §CLAIM §STILL_REFINE start samples=8 triplanarMaterials=52 §MAXQ_FRAME_BUDGET taa=8 ao=12 (bake budget — Alt+S stills are unaffected)
06:50:34.493 +   52.9s §CLAIM §STILL_REFINE start samples=8 triplanarMaterials=52 §MAXQ_FRAME_BUDGET taa=8 ao=12 (bake budget — Alt+S stills are unaffected)
06:50:34.493 +   52.9s §CLAIM §STILL_REFINE start samples=8 triplanarMaterials=52 §MAXQ_FRAME_BUDGET taa=8 ao=12 (bake budget — Alt+S stills are unaffected)
06:50:34.493 +   52.9s §CLAIM §STILL_REFINE start samples=8 triplanarMaterials=52 §MAXQ_FRAME_BUDGET taa=8 ao=12 (bake budget — Alt+S stills are unaffected)
06:50:34.493 +   52.9s §CLAIM §STILL_REFINE start samples=8 triplanarMaterials=52 §MAXQ_FRAME_BUDGET taa=8 ao=12 (bake budget — Alt+S stills are unaffected)
06:50:34.493 +   52.9s §CLAIM §STILL_REFINE start samples=8 triplanarMaterials=52 §MAXQ_FRAME_BUDGET taa=8 ao=12 (bake budget — Alt+S stills are unaffected)
06:50:34.493 +   52.9s §CLAIM §STILL_REFINE start samples=8 triplanarMaterials=52 §MAXQ_FRAME_BUDGET taa=8 ao=12 (bake budget — Alt+S stills are unaffected)
06:50:34.493 +   52.9s §CLAIM §STILL_REFINE start samples=8 triplanarMaterials=52 §MAXQ_FRAME_BUDGET taa=8 ao=12 (bake budget — Alt+S stills are unaffected)
06:50:34.493 +   52.9s §CLAIM §STILL_REFINE start samples=8 triplanarMaterials=52 §MAXQ_FRAME_BUDGET taa=8 ao=12 (bake budget — Alt+S stills are unaffected)
06:50:34.493 +   52.9s §CLAIM §STILL_REFINE start samples=8 triplanarMaterials=52 §MAXQ_FRAME_BUDGET taa=8 ao=12 (bake budget — Alt+S stills are unaffected)
06:50:34.493 +   52.9s §CLAIM §STILL_REFINE start samples=8 triplanarMaterials=52 §MAXQ_FRAME_BUDGET taa=8 ao=12 (bake budget — Alt+S stills are unaffected)
06:50:34.493 +   52.9s §CLAIM §STILL_REFINE start samples=8 triplanarMaterials=52 §MAXQ_FRAME_BUDGET taa=8 ao=12 (bake budget — Alt+S stills are unaffected)
06:50:34.493 +   52.9s §CLAIM §STILL_REFINE start samples=8 triplanarMaterials=52 §MAXQ_FRAME_BUDGET taa=8 ao=12 (bake budget — Alt+S stills are unaffected)
06:50:34.493 +   52.9s §CLAIM §STILL_REFINE start samples=8 triplanarMaterials=52 §MAXQ_FRAME_BUDGET taa=8 ao=12 (bake budget — Alt+S stills are unaffected)
06:50:34.493 +   52.9s §CLAIM §STILL_REFINE start samples=8 triplanarMaterials=52 §MAXQ_FRAME_BUDGET taa=8 ao=12 (bake budget — Alt+S stills are unaffected)
06:50:34.493 +   52.9s §CLAIM §STILL_REFINE start samples=8 triplanarMaterials=52 §MAXQ_FRAME_BUDGET taa=8 ao=12 (bake budget — Alt+S stills are unaffected)
06:50:34.493 +   52.9s §CLAIM §STILL_REFINE start samples=8 triplanarMaterials=52 §MAXQ_FRAME_BUDGET taa=8 ao=12 (bake budget — Alt+S stills are unaffected)
06:50:34.493 +   52.9s §CLAIM §STILL_REFINE start samples=8 triplanarMaterials=52 §MAXQ_FRAME_BUDGET taa=8 ao=12 (bake budget — Alt+S stills are unaffected)
06:50:34.493 +   52.9s §CLAIM §STILL_REFINE start samples=8 triplanarMaterials=52 §MAXQ_FRAME_BUDGET taa=8 ao=12 (bake budget — Alt+S stills are unaffected)
06:50:34.493 +   52.9s §CLAIM §STILL_REFINE start samples=8 triplanarMaterials=52 §MAXQ_FRAME_BUDGET taa=8 ao=12 (bake budget — Alt+S stills are unaffected)
06:50:34.493 +   52.9s §CLAIM §MAXQ_START frames=2937 fps=15 path=cinema radius=102.2 height=73.6 size=640x360
06:50:34.493 +   52.9s §CLAIM §MAXQ_OVERRIDE_IN source=db:cinema_path bands=4 hoseOps=0 buildup=1 roomTitle=1 reveal=1 durationSec=195.8
06:50:34.493 +   52.9s §CLAIM §CPE_REVEAL flag=on — retrace round + ARC/STR reveal are real (spec: prompts/CINEMA_DISCIPLINE_REVEAL.md)
06:50:34.493 +   52.9s §CLAIM §CPE_APPLIED total=195.8s frames=29 waypoints=8 saved=false
06:50:34.493 +   52.9s §CLAIM §MAXQ_START_REVISED frames=2937→29 (path edited; §MAXQ_START above is superseded)
06:50:34.493 +   52.9s §CLAIM §MAXQ_HDRI_RACE waitedMs=0
06:50:34.493 +   52.9s §CLAIM §CPE_BUILDUP_TOPOUT topoutU=0.361 src=plan.beats.pullout (reveal round active) — construction completes at the closing-orbit boundary; the pull-back shows the topping-out and the orbit circles the FINISHED building (solar-panel lesson 2026-08-02)
06:50:34.493 +   52.9s §CLAIM §CPE_PIE_HOLD heldFrames=0/29 (0% of the film) — trades were active for every frame, the pie was never held
06:50:34.493 +   52.9s §CLAIM §CPE_STATS_TAIL revolvedFrames=0/29 (0% of the film) — the Reveal round never revolved: no topout on the plan and the ops never froze
06:50:34.493 +   52.9s §CLAIM §MAXQ_QUALITY frames=29 unconverged=0 (every frame converged) hiddenPauses=0 totalHiddenMs=0
06:50:34.493 +   52.9s §CLAIM §MAXQ_DELIVERED bytes=462902 name=BIM_MaxQ_Hospital_1789195833218.mp4
06:50:34.493 +   52.9s §CLAIM §MAXQ_DONE frames=29 bytes=462902 type=video/mp4 codec=avc1.640034
06:50:34.493 +   52.9s §CLI_BAKE_WALL totalSec=26 aborted=no fileOk=true
